740,269,c-m;740,270,c-m;740,271,c-m;740,272,c-m;740,273,c-m;740,274,c-m;740,275,c-m;740,276,c-m;740,277,c-m;740,278,c-m;740,279,c-m;740,280,c-m;740,281,c-m;740,282,c-m;740,283,c-m;740,284,c-m;740,285,c-m;740,286,c-m;740,287,c-m;740,288,c-m;740,289,c-m;740,290,c-m;740,291,c-m;740,292,c-m;740,293,c-m;740,294,c-m;740,295,c-m;740,296,c-m;740,297,c-m;740,298,c-m;740,299,c-m;740,300,c-m;740,301,c-m;740,302,c-m;740,303,c-m;740,304,c-m;740,305,c-m;740,306,c-m;740,307,c-m;740,308,c-m;740,309,c-m;740,310,c-m;740,311,c-m;740,312,c-m;740,313,c-m;740,314,c-m;740,315,c-m;740,316,c-m;740,317,c-m;740,318,c-m;740,319,c-m;740,320,c-m;740,321,c-m;740,322,c-m;740,323,c-m;740,324,c-m;740,325,c-m;740,326,c-m;740,327,c-m;740,328,c-m;740,329,c-m;740,330,c-m;740,331,c-m;740,332,c-m;740,333,c-m;740,334,c-m;740,335,c-m;740,336,c-m;740,337,c-m;740,338,c-m;740,339,c-m;740,340,c-m;740,341,c-m;740,342,c-m;740,343,c-m;740,344,c-m;740,345,c-m;740,346,c-m;740,347,c-m;740,348,c-m;740,349,c-m;740,350,c-m;740,351,c-m;740,352,c-m;740,353,c-m;740,354,c-m;740,355,c-m;740,356,c-m;740,357,c-m;740,358,c-m;740,359,c-m;740,360,c-m;740,361,c-m;740,362,c-m;740,363,c-m;740,364,c-m;740,365,c-m;740,366,c-m;740,367,c-m;740,368,c-m;740,369,c-m;740,370,c-m;740,371,c-m;740,372,c-m;740,373,c-m;740,374,c-m;740,375,c-m;740,376,c-m;740,377,c-m;740,378,c-m;740,379,c-m;740,380,c-m;740,381,c-m;740,382,c-m;740,383,c-m;740,384,c-m;740,385,c-m;740,386,c-m;740,387,c-m;740,388,c-m;740,389,c-m;740,390,c-m;740,391,c-m;740,392,c-m;740,393,c-m;740,394,c-m;740,395,c-m;740,396,c-m;740,397,c-m;740,398,c-m;740,399,c-m;740,400,c-m;740,401,c-m;740,402,c-m;740,403,c-m;740,404,c-m;740,405,c-m;740,406,c-m;740,407,c-m;740,408,c-m;740,409,c-m;740,410,c-m;740,411,c-m;740,412,c-m;740,413,c-m;740,414,c-m;740,415,c-m;740,416,c-m;740,417,c-m;740,418,c-m;740,419,c-m;740,420,c-m;740,421,c-m;740,422,c-m;740,423,c-m;740,424,c-m;740,425,c-m;740,426,c-m;740,427,c-m;740,428,c-m;740,429,c-m;740,430,c-m;740,431,c-m;740,432,c-m;740,433,c-m;740,434,c-m;740,435,c-m;740,436,c-m;740,437,c-m;740,438,c-m;740,439,c-m;740,440,c-m;740,441,c-m;740,442,c-m;740,443,c-m;740,444,c-m;740,445,c-m;740,446,c-m;740,447,c-m;740,448,c-m;740,449,c-m;740,450,c-m;740,451,c-m;740,452,c-m;740,453,c-m;740,454,c-m;740,455,c-m;740,456,c-m;740,457,c-m;740,458,c-m;740,459,c-m;740,460,c-m;740,461,c-m;740,462,c-m;740,463,c-m;740,464,c-m;740,465,c-m;740,466,c-m;740,467,c-m;740,468,c-m;740,469,c-m;740,470,c-m;740,471,c-m;740,472,c-m;740,473,c-m;740,474,c-m;740,475,c-m;740,476,c-m;740,477,c-m;740,478,c-m;740,479,c-m;740,480,c-m;740,481,c-m;740,482,c-m;740,483,c-m;740,484,c-m;740,485,c-m;740,486,c-m;740,487,c-m;740,488,c-m;740,489,c-m;740,490,c-m;740,491,c-m;740,492,c-m;740,493,c-m;740,494,c-m;740,495,c-m;740,496,c-m;740,497,c-m;740,498,c-m;740,499,c-m;740,500,c-m;740,501,c-m;740,502,c-m;740,503,c-m;740,504,c-m;740,505,c-m;740,506,c-m;740,507,c-m;740,508,c-m;740,509,c-m;740,510,c-m;740,511,c-m;740,512,c-m;740,513,c-m;740,514,c-m;740,515,c-m;740,516,c-m;740,517,c-m;740,518,c-m;740,519,c-m;740,520,c-m;740,521,c-m;740,522,c-m;740,523,c-m;740,524,c-m;740,525,c-m;740,526,c-m;740,527,c-m;740,528,c-m;740,529,c-m;740,530,c-m;740,531,c-m;740,532,c-m;740,533,c-m;740,534,c-m;740,535,c-m;740,536,c-m;740,537,c-m;740,538,c-m;740,539,c-m;740,540,c-m;740,541,c-m;740,542,c-m;740,543,c-m;740,544,c-m;740,545,c-m;740,546,c-m;740,547,c-m;740,548,c-m;740,549,c-m;740,550,c-m;740,551,c-m;740,552,c-m;740,553,c-m;740,554,c-m;740,555,c-m;740,556,c-m;740,557,c-m;740,558,c-m;740,559,c-m;740,560,c-m;740,561,c-m;740,562,c-m;740,563,c-m;740,564,c-m;740,565,c-m;740,566,c-m;740,567,c-m;740,568,c-m;740,569,c-m;740,570,c-m;740,571,c-m;740,572,c-m;740,573,c-m;740,574,c-m;740,575,c-m;740,576,c-m;740,577,c-m;740,578,c-m;740,579,c-m;740,580,c-m;740,581,c-m;740,582,c-m;740,583,c-m;740,584,c-m;740,585,c-m;740,586,c-m;740,587,c-m;740,588,c-m;740,589,c-m;740,590,c-m;740,591,c-m;740,592,c-m;740,593,c-m;740,594,c-m;740,595,c-m;740,596,c-m;740,597,c-m;740,598,c-m;740,599,c-m;740,600,c-m;740,601,c-m;740,602,c-m;740,603,c-m;740,604,c-m;740,605,c-m;740,606,c-m;740,607,c-m;740,608,c-m;740,609,c-m;740,610,c-m;740,611,c-m;740,612,c-m;740,613,c-m;740,614,c-m;740,615,c-m;740,616,c-m;740,617,c-m;740,618,c-m;740,619,c-m;740,620,c-m;740,621,c-m;740,622,c-m;740,623,c-m;740,624,c-m;740,625,c-m;740,626,c-m;740,627,c-m;740,628,c-m;740,629,c-m;740,630,c-m;740,631,c-m;740,632,c-m;740,633,c-m;740,634,c-m;740,635,c-m;740,636,c-m;740,637,c-m;740,638,c-m;740,639,c-m;740,640,c-m;740,641,c-m;740,642,c-m;740,643,c-m;740,644,c-m;740,645,c-m;740,646,c-m;740,647,c-m;740,648,c-m;740,649,c-m;740,650,c-m;740,651,c-m;740,652,c-m;740,653,c-m;740,654,c-m;740,655,c-m;740,656,c-m;740,657,c-m;740,658,c-m;740,659,c-m;740,660,c-m;740,661,c-m;740,662,c-m;740,663,c-m;740,664,c-m;740,665,c-m;740,666,c-m;740,667,c-m;740,668,c-m;740,669,c-m;740,670,c-m;740,671,c-m;740,672,c-m;740,673,c-m;740,674,c-m;740,675,c-m;740,676,c-m;740,677,c-m;740,678,c-m;740,679,c-m;740,680,c-m;740,681,c-m;740,682,c-m;740,683,c-m;740,684,c-m;740,685,c-m;740,686,c-m;740,687,c-m;740,688,c-m;740,689,c-m;740,690,c-m;740,691,c-m;740,692,c-m;740,693,c-m;740,694,c-m;740,695,c-m;740,696,c-m;740,697,c-m;740,698,c-m;740,699,c-m;740,700,c-m;740,701,c-m;740,702,c-m;740,703,c-m;740,704,c-m;740,705,c-m;740,706,c-m;740,707,c-m;740,708,c-m;740,709,c-m;740,710,c-m;740,711,c-m;740,712,c-m;740,713,c-m;740,714,c-m;740,715,c-m;740,716,c-m;740,717,c-m;740,718,c-m;740,719,c-m;740,720,c-m;740,721,c-m;740,722,c-m;740,723,c-m;740,724,c-m;740,725,c-m;740,726,c-m;740,727,c-m;740,728,c-m;740,729,c-m;740,730,c-m;740,731,c-m;740,732,c-m;740,733,c-m;740,734,c-m;740,735,c-m;740,736,c-m;740,737,c-m;740,738,c-m;740,739,c-m;