{"communityDetectionResult": "740,269,c-m;740,270,c-m;740,271,c-m;740,272,c-m;740,273,c-m;740,274,c-m;740,275,c-m;740,276,c-m;740,277,c-m;740,278,c-m;740,279,c-m;740,280,c-m;740,281,c-m;740,282,c-m;740,283,c-m;740,284,c-m;740,285,c-m;740,286,c-m;740,287,c-m;740,288,c-m;740,289,c-m;740,290,c-m;740,291,c-m;740,292,c-m;740,293,c-m;740,294,c-m;740,295,c-m;740,296,c-m;740,297,c-m;740,298,c-m;740,299,c-m;740,300,c-m;740,301,c-m;740,302,c-m;740,303,c-m;740,304,c-m;740,305,c-m;740,306,c-m;740,307,c-m;740,308,c-m;740,309,c-m;740,310,c-m;740,311,c-m;740,312,c-m;740,313,c-m;740,314,c-m;740,315,c-m;740,316,c-m;740,317,c-m;740,318,c-m;740,319,c-m;740,320,c-m;740,321,c-m;740,322,c-m;740,323,c-m;740,324,c-m;740,325,c-m;740,326,c-m;740,327,c-m;740,328,c-m;740,329,c-m;740,330,c-m;740,331,c-m;740,332,c-m;740,333,c-m;740,334,c-m;740,335,c-m;740,336,c-m;740,337,c-m;740,338,c-m;740,339,c-m;740,340,c-m;740,341,c-m;740,342,c-m;740,343,c-m;740,344,c-m;740,345,c-m;740,346,c-m;740,347,c-m;740,348,c-m;740,349,c-m;740,350,c-m;740,351,c-m;740,352,c-m;740,353,c-m;740,354,c-m;740,355,c-m;740,356,c-m;740,357,c-m;740,358,c-m;740,359,c-m;740,360,c-m;740,361,c-m;740,362,c-m;740,363,c-m;740,364,c-m;740,365,c-m;740,366,c-m;740,367,c-m;740,368,c-m;740,369,c-m;740,370,c-m;740,371,c-m;740,372,c-m;740,373,c-m;740,374,c-m;740,375,c-m;740,376,c-m;740,377,c-m;740,378,c-m;740,379,c-m;740,380,c-m;740,381,c-m;740,382,c-m;740,383,c-m;740,384,c-m;740,385,c-m;740,386,c-m;740,387,c-m;740,388,c-m;740,389,c-m;740,390,c-m;740,391,c-m;740,392,c-m;740,393,c-m;740,394,c-m;740,395,c-m;740,396,c-m;740,397,c-m;740,398,c-m;740,399,c-m;740,400,c-m;740,401,c-m;740,402,c-m;740,403,c-m;740,404,c-m;740,405,c-m;740,406,c-m;740,407,c-m;740,408,c-m;740,409,c-m;740,410,c-m;740,411,c-m;740,412,c-m;740,413,c-m;740,414,c-m;740,415,c-m;740,416,c-m;740,417,c-m;740,418,c-m;740,419,c-m;740,420,c-m;740,421,c-m;740,422,c-m;740,423,c-m;740,424,c-m;740,425,c-m;740,426,c-m;740,427,c-m;740,428,c-m;740,429,c-m;740,430,c-m;740,431,c-m;740,432,c-m;740,433,c-m;740,434,c-m;740,435,c-m;740,436,c-m;740,437,c-m;740,438,c-m;740,439,c-m;740,440,c-m;740,441,c-m;740,442,c-m;740,443,c-m;740,444,c-m;740,445,c-m;740,446,c-m;740,447,c-m;740,448,c-m;740,449,c-m;740,450,c-m;740,451,c-m;740,452,c-m;740,453,c-m;740,454,c-m;740,455,c-m;740,456,c-m;740,457,c-m;740,458,c-m;740,459,c-m;740,460,c-m;740,461,c-m;740,462,c-m;740,463,c-m;740,464,c-m;740,465,c-m;740,466,c-m;740,467,c-m;740,468,c-m;740,469,c-m;740,470,c-m;740,471,c-m;740,472,c-m;740,473,c-m;740,474,c-m;740,475,c-m;740,476,c-m;740,477,c-m;740,478,c-m;740,479,c-m;740,480,c-m;740,481,c-m;740,482,c-m;740,483,c-m;740,484,c-m;740,485,c-m;740,486,c-m;740,487,c-m;740,488,c-m;740,489,c-m;740,490,c-m;740,491,c-m;740,492,c-m;740,493,c-m;740,494,c-m;740,495,c-m;740,496,c-m;740,497,c-m;740,498,c-m;740,499,c-m;740,500,c-m;740,501,c-m;740,502,c-m;740,503,c-m;740,504,c-m;740,505,c-m;740,506,c-m;740,507,c-m;740,508,c-m;740,509,c-m;740,510,c-m;740,511,c-m;740,512,c-m;740,513,c-m;740,514,c-m;740,515,c-m;740,516,c-m;740,517,c-m;740,518,c-m;740,519,c-m;740,520,c-m;740,521,c-m;740,522,c-m;740,523,c-m;740,524,c-m;740,525,c-m;740,526,c-m;740,527,c-m;740,528,c-m;740,529,c-m;740,530,c-m;740,531,c-m;740,532,c-m;740,533,c-m;740,534,c-m;740,535,c-m;740,536,c-m;740,537,c-m;740,538,c-m;740,539,c-m;740,540,c-m;740,541,c-m;740,542,c-m;740,543,c-m;740,544,c-m;740,545,c-m;740,546,c-m;740,547,c-m;740,548,c-m;740,549,c-m;740,550,c-m;740,551,c-m;740,552,c-m;740,553,c-m;740,554,c-m;740,555,c-m;740,556,c-m;740,557,c-m;740,558,c-m;740,559,c-m;740,560,c-m;740,561,c-m;740,562,c-m;740,563,c-m;740,564,c-m;740,565,c-m;740,566,c-m;740,567,c-m;740,568,c-m;740,569,c-m;740,570,c-m;740,571,c-m;740,572,c-m;740,573,c-m;740,574,c-m;740,575,c-m;740,576,c-m;740,577,c-m;740,578,c-m;740,579,c-m;740,580,c-m;740,581,c-m;740,582,c-m;740,583,c-m;740,584,c-m;740,585,c-m;740,586,c-m;740,587,c-m;740,588,c-m;740,589,c-m;740,590,c-m;740,591,c-m;740,592,c-m;740,593,c-m;740,594,c-m;740,595,c-m;740,596,c-m;740,597,c-m;740,598,c-m;740,599,c-m;740,600,c-m;740,601,c-m;740,602,c-m;740,603,c-m;740,604,c-m;740,605,c-m;740,606,c-m;740,607,c-m;740,608,c-m;740,609,c-m;740,610,c-m;740,611,c-m;740,612,c-m;740,613,c-m;740,614,c-m;740,615,c-m;740,616,c-m;740,617,c-m;740,618,c-m;740,619,c-m;740,620,c-m;740,621,c-m;740,622,c-m;740,623,c-m;740,624,c-m;740,625,c-m;740,626,c-m;740,627,c-m;740,628,c-m;740,629,c-m;740,630,c-m;740,631,c-m;740,632,c-m;740,633,c-m;740,634,c-m;740,635,c-m;740,636,c-m;740,637,c-m;740,638,c-m;740,639,c-m;740,640,c-m;740,641,c-m;740,642,c-m;740,643,c-m;740,644,c-m;740,645,c-m;740,646,c-m;740,647,c-m;740,648,c-m;740,649,c-m;740,650,c-m;740,651,c-m;740,652,c-m;740,653,c-m;740,654,c-m;740,655,c-m;740,656,c-m;740,657,c-m;740,658,c-m;740,659,c-m;740,660,c-m;740,661,c-m;740,662,c-m;740,663,c-m;740,664,c-m;740,665,c-m;740,666,c-m;740,667,c-m;740,668,c-m;740,669,c-m;740,670,c-m;740,671,c-m;740,672,c-m;740,673,c-m;740,674,c-m;740,675,c-m;740,676,c-m;740,677,c-m;740,678,c-m;740,679,c-m;740,680,c-m;740,681,c-m;740,682,c-m;740,683,c-m;740,684,c-m;740,685,c-m;740,686,c-m;740,687,c-m;740,688,c-m;740,689,c-m;740,690,c-m;740,691,c-m;740,692,c-m;740,693,c-m;740,694,c-m;740,695,c-m;740,696,c-m;740,697,c-m;740,698,c-m;740,699,c-m;740,700,c-m;740,701,c-m;740,702,c-m;740,703,c-m;740,704,c-m;740,705,c-m;740,706,c-m;740,707,c-m;740,708,c-m;740,709,c-m;740,710,c-m;740,711,c-m;740,712,c-m;740,713,c-m;740,714,c-m;740,715,c-m;740,716,c-m;740,717,c-m;740,718,c-m;740,719,c-m;740,720,c-m;740,721,c-m;740,722,c-m;740,723,c-m;740,724,c-m;740,725,c-m;740,726,c-m;740,727,c-m;740,728,c-m;740,729,c-m;740,730,c-m;740,731,c-m;740,732,c-m;740,733,c-m;740,734,c-m;740,735,c-m;740,736,c-m;740,737,c-m;740,738,c-m;740,739,c-m;741,269,c-m;741,270,c-m;741,271,c-m;741,273,c-m;741,274,c-m;741,275,c-m;741,276,c-m;741,277,c-m;741,278,c-m;741,279,c-m;741,280,c-m;741,281,c-m;741,284,c-m;741,285,c-m;741,286,c-m;741,289,c-m;741,290,c-m;741,291,c-m;741,293,c-m;741,296,c-m;741,297,c-m;741,298,c-m;741,300,c-m;741,301,c-m;741,302,c-m;741,303,c-m;741,304,c-m;741,305,c-m;741,307,c-m;741,308,c-m;741,311,c-m;741,312,c-m;741,313,c-m;741,314,c-m;741,317,c-m;741,318,c-m;741,319,c-m;741,320,c-m;741,321,c-m;741,322,c-m;741,323,c-m;741,324,c-m;741,329,c-m;741,335,c-m;741,339,c-m;741,340,c-m;741,341,c-m;741,343,c-m;741,347,c-m;741,348,c-m;741,350,c-m;741,351,c-m;741,352,c-m;741,353,c-m;741,354,c-m;741,356,c-m;741,357,c-m;741,358,c-m;741,359,c-m;741,360,c-m;741,361,c-m;741,362,c-m;741,364,c-m;741,365,c-m;741,367,c-m;741,369,c-m;741,370,c-m;741,371,c-m;741,372,c-m;741,375,c-m;741,376,c-m;741,378,c-m;741,379,c-m;741,380,c-m;741,381,c-m;741,382,c-m;741,383,c-m;741,384,c-m;741,385,c-m;741,387,c-m;741,388,c-m;741,390,c-m;741,391,c-m;741,392,c-m;741,393,c-m;741,394,c-m;741,395,c-m;741,397,c-m;741,398,c-m;741,403,c-m;741,405,c-m;741,407,c-m;741,408,c-m;741,409,c-m;741,410,c-m;741,412,c-m;741,413,c-m;741,414,c-m;741,415,c-m;741,416,c-m;741,417,c-m;741,418,c-m;741,419,c-m;741,420,c-m;741,421,c-m;741,423,c-m;741,424,c-m;741,426,c-m;741,427,c-m;741,428,c-m;741,430,c-m;741,437,c-m;741,438,c-m;741,441,c-m;741,443,c-m;741,444,c-m;741,445,c-m;741,446,c-m;741,450,c-m;741,452,c-m;741,453,c-m;741,456,c-m;741,458,c-m;741,461,c-m;741,462,c-m;741,463,c-m;741,466,c-m;741,467,c-m;741,468,c-m;741,469,c-m;741,471,c-m;741,473,c-m;741,475,c-m;741,476,c-m;741,481,c-m;741,483,c-m;741,485,c-m;741,489,c-m;741,490,c-m;741,493,c-m;741,495,c-m;741,496,c-m;741,497,c-m;741,500,c-m;741,501,c-m;741,504,c-m;741,505,c-m;741,506,c-m;741,509,c-m;741,512,c-m;741,513,c-m;741,514,c-m;741,515,c-m;741,518,c-m;741,519,c-m;741,520,c-m;741,521,c-m;741,522,c-m;741,523,c-m;741,524,c-m;741,525,c-m;741,527,c-m;741,528,c-m;741,529,c-m;741,531,c-m;741,532,c-m;741,533,c-m;741,535,c-m;741,536,c-m;741,537,c-m;741,539,c-m;741,540,c-m;741,541,c-m;741,542,c-m;741,543,c-m;741,544,c-m;741,545,c-m;741,546,c-m;741,547,c-m;741,549,c-m;741,550,c-m;741,551,c-m;741,552,c-m;741,553,c-m;741,554,c-m;741,555,c-m;741,557,c-m;741,558,c-m;741,559,c-m;741,561,c-m;741,563,c-m;741,565,c-m;741,566,c-m;741,567,c-m;741,569,c-m;741,572,c-m;741,574,c-m;741,576,c-m;741,578,c-m;741,580,c-m;741,581,c-m;741,582,c-m;741,585,c-m;741,586,c-m;741,588,c-m;741,589,c-m;741,594,c-m;741,595,c-m;741,597,c-m;741,599,c-m;741,600,c-m;741,601,c-m;741,602,c-m;741,603,c-m;741,604,c-m;741,606,c-m;741,608,c-m;741,611,c-m;741,612,c-m;741,613,c-m;741,614,c-m;741,615,c-m;741,616,c-m;741,617,c-m;741,619,c-m;741,620,c-m;741,621,c-m;741,622,c-m;741,623,c-m;741,624,c-m;741,625,c-m;741,626,c-m;741,627,c-m;741,628,c-m;741,629,c-m;741,630,c-m;741,631,c-m;741,632,c-m;741,633,c-m;741,634,c-m;741,635,c-m;741,637,c-m;741,638,c-m;741,639,c-m;741,640,c-m;741,641,c-m;741,643,c-m;741,644,c-m;741,645,c-m;741,646,c-m;741,647,c-m;741,648,c-m;741,649,c-m;741,651,c-m;741,652,c-m;741,653,c-m;741,654,c-m;741,655,c-m;741,656,c-m;741,657,c-m;741,658,c-m;741,659,c-m;741,660,c-m;741,661,c-m;741,663,c-m;741,664,c-m;741,667,c-m;741,668,c-m;741,669,c-m;741,673,c-m;741,674,c-m;741,677,c-m;741,678,c-m;741,679,c-m;741,680,c-m;741,681,c-m;741,682,c-m;741,687,c-m;741,688,c-m;741,692,c-m;741,694,c-m;741,695,c-m;741,698,c-m;741,699,c-m;741,702,c-m;741,704,c-m;741,705,c-m;741,706,c-m;741,707,c-m;741,708,c-m;741,709,c-m;741,710,c-m;741,711,c-m;741,712,c-m;741,713,c-m;741,714,c-m;741,721,c-m;741,723,c-m;741,724,c-m;741,725,c-m;741,726,c-m;741,732,c-m;741,733,c-m;741,734,c-m;741,735,c-m;741,738,c-m;741,739,c-m;742,273,c-m;742,274,c-m;742,275,c-m;742,278,c-m;742,281,c-m;742,285,c-m;742,286,c-m;742,296,c-m;742,297,c-m;742,298,c-m;742,302,c-m;742,304,c-m;742,305,c-m;742,307,c-m;742,311,c-m;742,320,c-m;742,329,c-m;742,339,c-m;742,341,c-m;742,351,c-m;742,352,c-m;742,353,c-m;742,354,c-m;742,361,c-m;742,364,c-m;742,365,c-m;742,370,c-m;742,375,c-m;742,382,c-m;742,384,c-m;742,385,c-m;742,390,c-m;742,394,c-m;742,398,c-m;742,403,c-m;742,405,c-m;742,407,c-m;742,409,c-m;742,410,c-m;742,412,c-m;742,415,c-m;742,416,c-m;742,417,c-m;742,418,c-m;742,419,c-m;742,421,c-m;742,423,c-m;742,424,c-m;742,426,c-m;742,427,c-m;742,428,c-m;742,443,c-m;742,445,c-m;742,446,c-m;742,458,c-m;742,461,c-m;742,466,c-m;742,467,c-m;742,468,c-m;742,469,c-m;742,471,c-m;742,475,c-m;742,476,c-m;742,485,c-m;742,490,c-m;742,493,c-m;742,497,c-m;742,500,c-m;742,501,c-m;742,505,c-m;742,509,c-m;742,512,c-m;742,515,c-m;742,524,c-m;742,525,c-m;742,528,c-m;742,531,c-m;742,533,c-m;742,536,c-m;742,539,c-m;742,543,c-m;742,544,c-m;742,551,c-m;742,553,c-m;742,555,c-m;742,557,c-m;742,567,c-m;742,572,c-m;742,574,c-m;742,578,c-m;742,580,c-m;742,581,c-m;742,582,c-m;742,585,c-m;742,588,c-m;742,589,c-m;742,602,c-m;742,611,c-m;742,619,c-m;742,627,c-m;742,628,c-m;742,629,c-m;742,632,c-m;742,640,c-m;742,643,c-m;742,644,c-m;742,645,c-m;742,648,c-m;742,656,c-m;742,658,c-m;742,659,c-m;742,660,c-m;742,661,c-m;742,663,c-m;742,664,c-m;742,667,c-m;742,668,c-m;742,669,c-m;742,674,c-m;742,679,c-m;742,680,c-m;742,687,c-m;742,704,c-m;742,706,c-m;742,713,c-m;742,732,c-m;742,733,c-m;742,734,c-m;742,735,c-m;743,272,c-m;743,283,c-m;743,287,c-m;743,288,c-m;743,292,c-m;743,295,c-m;743,306,c-m;743,309,c-m;743,325,c-m;743,326,c-m;743,327,c-m;743,330,c-m;743,332,c-m;743,333,c-m;743,334,c-m;743,336,c-m;743,337,c-m;743,338,c-m;743,342,c-m;743,345,c-m;743,346,c-m;743,349,c-m;743,355,c-m;743,363,c-m;743,366,c-m;743,368,c-m;743,373,c-m;743,386,c-m;743,389,c-m;743,399,c-m;743,400,c-m;743,401,c-m;743,402,c-m;743,414,c-m;743,422,c-m;743,425,c-m;743,431,c-m;743,432,c-m;743,435,c-m;743,436,c-m;743,439,c-m;743,440,c-m;743,442,c-m;743,448,c-m;743,449,c-m;743,454,c-m;743,455,c-m;743,457,c-m;743,459,c-m;743,462,c-m;743,464,c-m;743,465,c-m;743,470,c-m;743,472,c-m;743,474,c-m;743,477,c-m;743,478,c-m;743,479,c-m;743,480,c-m;743,484,c-m;743,489,c-m;743,494,c-m;743,499,c-m;743,508,c-m;743,510,c-m;743,511,c-m;743,516,c-m;743,517,c-m;743,524,c-m;743,526,c-m;743,527,c-m;743,532,c-m;743,535,c-m;743,548,c-m;743,556,c-m;743,560,c-m;743,562,c-m;743,564,c-m;743,567,c-m;743,570,c-m;743,571,c-m;743,573,c-m;743,575,c-m;743,577,c-m;743,578,c-m;743,579,c-m;743,583,c-m;743,584,c-m;743,590,c-m;743,591,c-m;743,596,c-m;743,597,c-m;743,598,c-m;743,605,c-m;743,607,c-m;743,609,c-m;743,610,c-m;743,618,c-m;743,636,c-m;743,640,c-m;743,642,c-m;743,650,c-m;743,662,c-m;743,665,c-m;743,671,c-m;743,672,c-m;743,685,c-m;743,686,c-m;743,688,c-m;743,689,c-m;743,690,c-m;743,691,c-m;743,693,c-m;743,694,c-m;743,695,c-m;743,698,c-m;743,699,c-m;743,700,c-m;743,703,c-m;743,705,c-m;743,727,c-m;743,728,c-m;743,729,c-m;743,730,c-m;743,731,c-m;744,270,c-m;744,271,c-m;744,276,c-m;744,279,c-m;744,280,c-m;744,289,c-m;744,290,c-m;744,293,c-m;744,308,c-m;744,312,c-m;744,313,c-m;744,317,c-m;744,318,c-m;744,319,c-m;744,322,c-m;744,324,c-m;744,335,c-m;744,343,c-m;744,347,c-m;744,348,c-m;744,356,c-m;744,357,c-m;744,358,c-m;744,359,c-m;744,367,c-m;744,371,c-m;744,372,c-m;744,380,c-m;744,381,c-m;744,383,c-m;744,391,c-m;744,395,c-m;744,397,c-m;744,408,c-m;744,413,c-m;744,420,c-m;744,430,c-m;744,437,c-m;744,438,c-m;744,441,c-m;744,444,c-m;744,450,c-m;744,452,c-m;744,453,c-m;744,456,c-m;744,462,c-m;744,463,c-m;744,481,c-m;744,483,c-m;744,495,c-m;744,496,c-m;744,504,c-m;744,506,c-m;744,514,c-m;744,518,c-m;744,519,c-m;744,520,c-m;744,521,c-m;744,522,c-m;744,523,c-m;744,529,c-m;744,532,c-m;744,540,c-m;744,541,c-m;744,545,c-m;744,549,c-m;744,552,c-m;744,554,c-m;744,558,c-m;744,559,c-m;744,561,c-m;744,563,c-m;744,565,c-m;744,566,c-m;744,569,c-m;744,576,c-m;744,586,c-m;744,594,c-m;744,595,c-m;744,597,c-m;744,599,c-m;744,600,c-m;744,601,c-m;744,603,c-m;744,604,c-m;744,606,c-m;744,612,c-m;744,613,c-m;744,614,c-m;744,615,c-m;744,616,c-m;744,617,c-m;744,620,c-m;744,623,c-m;744,624,c-m;744,625,c-m;744,626,c-m;744,630,c-m;744,631,c-m;744,634,c-m;744,635,c-m;744,638,c-m;744,639,c-m;744,641,c-m;744,646,c-m;744,649,c-m;744,651,c-m;744,652,c-m;744,653,c-m;744,657,c-m;744,673,c-m;744,677,c-m;744,678,c-m;744,681,c-m;744,682,c-m;744,702,c-m;744,708,c-m;744,709,c-m;744,710,c-m;744,712,c-m;744,714,c-m;744,721,c-m;745,274,c-m;745,275,c-m;745,278,c-m;745,296,c-m;745,298,c-m;745,305,c-m;745,307,c-m;745,311,c-m;745,320,c-m;745,329,c-m;745,352,c-m;745,353,c-m;745,361,c-m;745,365,c-m;745,394,c-m;745,403,c-m;745,409,c-m;745,410,c-m;745,412,c-m;745,415,c-m;745,416,c-m;745,417,c-m;745,418,c-m;745,419,c-m;745,423,c-m;745,426,c-m;745,445,c-m;745,446,c-m;745,458,c-m;745,461,c-m;745,466,c-m;745,467,c-m;745,475,c-m;745,476,c-m;745,485,c-m;745,490,c-m;745,493,c-m;745,497,c-m;745,501,c-m;745,505,c-m;745,509,c-m;745,512,c-m;745,515,c-m;745,525,c-m;745,528,c-m;745,531,c-m;745,533,c-m;745,536,c-m;745,543,c-m;745,551,c-m;745,567,c-m;745,572,c-m;745,578,c-m;745,580,c-m;745,581,c-m;745,582,c-m;745,585,c-m;745,589,c-m;745,611,c-m;745,619,c-m;745,627,c-m;745,628,c-m;745,629,c-m;745,640,c-m;745,643,c-m;745,644,c-m;745,645,c-m;745,656,c-m;745,659,c-m;745,660,c-m;745,661,c-m;745,663,c-m;745,664,c-m;745,668,c-m;745,669,c-m;745,704,c-m;745,706,c-m;745,713,c-m;745,732,c-m;745,733,c-m;746,274,c-m;746,275,c-m;746,278,c-m;746,298,c-m;746,307,c-m;746,311,c-m;746,320,c-m;746,352,c-m;746,353,c-m;746,361,c-m;746,365,c-m;746,394,c-m;746,403,c-m;746,409,c-m;746,410,c-m;746,412,c-m;746,419,c-m;746,423,c-m;746,426,c-m;746,445,c-m;746,446,c-m;746,466,c-m;746,467,c-m;746,485,c-m;746,490,c-m;746,493,c-m;746,497,c-m;746,501,c-m;746,505,c-m;746,515,c-m;746,525,c-m;746,528,c-m;746,533,c-m;746,536,c-m;746,543,c-m;746,580,c-m;746,611,c-m;746,619,c-m;746,628,c-m;746,629,c-m;746,643,c-m;746,644,c-m;746,656,c-m;746,659,c-m;746,663,c-m;746,664,c-m;746,668,c-m;746,704,c-m;746,706,c-m;746,732,c-m;746,733,c-m;747,282,c-m;747,294,c-m;747,299,c-m;747,310,c-m;747,315,c-m;747,316,c-m;747,328,c-m;747,331,c-m;747,344,c-m;747,374,c-m;747,377,c-m;747,396,c-m;747,404,c-m;747,406,c-m;747,411,c-m;747,429,c-m;747,433,c-m;747,434,c-m;747,447,c-m;747,451,c-m;747,460,c-m;747,482,c-m;747,486,c-m;747,487,c-m;747,488,c-m;747,498,c-m;747,507,c-m;747,534,c-m;747,538,c-m;747,556,c-m;747,587,c-m;747,592,c-m;747,593,c-m;747,666,c-m;747,670,c-m;747,675,c-m;747,676,c-m;747,683,c-m;747,684,c-m;747,696,c-m;747,697,c-m;747,701,c-m;747,715,c-m;747,716,c-m;747,717,c-m;747,718,c-m;747,719,c-m;747,720,c-m;747,722,c-m;747,736,c-m;747,737,c-m;748,271,c-m;748,280,c-m;748,293,c-m;748,308,c-m;748,312,c-m;748,313,c-m;748,318,c-m;748,319,c-m;748,322,c-m;748,335,c-m;748,343,c-m;748,347,c-m;748,357,c-m;748,359,c-m;748,367,c-m;748,371,c-m;748,372,c-m;748,380,c-m;748,381,c-m;748,383,c-m;748,391,c-m;748,395,c-m;748,408,c-m;748,437,c-m;748,438,c-m;748,450,c-m;748,483,c-m;748,504,c-m;748,506,c-m;748,518,c-m;748,523,c-m;748,529,c-m;748,540,c-m;748,552,c-m;748,559,c-m;748,561,c-m;748,563,c-m;748,566,c-m;748,599,c-m;748,600,c-m;748,657,c-m;748,673,c-m;748,681,c-m;748,682,c-m;748,702,c-m;748,708,c-m;748,710,c-m;748,712,c-m;748,721,c-m;749,422,c-m;749,425,c-m;749,431,c-m;749,432,c-m;749,435,c-m;749,436,c-m;749,448,c-m;749,449,c-m;749,454,c-m;749,455,c-m;749,457,c-m;749,459,c-m;749,465,c-m;749,470,c-m;749,472,c-m;749,474,c-m;749,479,c-m;749,480,c-m;749,494,c-m;749,508,c-m;749,510,c-m;749,511,c-m;749,516,c-m;749,517,c-m;749,526,c-m;749,560,c-m;749,562,c-m;749,564,c-m;749,573,c-m;749,575,c-m;749,577,c-m;749,590,c-m;749,591,c-m;749,596,c-m;749,598,c-m;749,610,c-m;749,618,c-m;749,636,c-m;749,685,c-m;749,686,c-m;749,689,c-m;749,690,c-m;749,691,c-m;749,700,c-m;749,703,c-m;749,727,c-m;750,413,c-m;750,420,c-m;750,441,c-m;750,444,c-m;750,462,c-m;750,463,c-m;750,495,c-m;750,496,c-m;750,532,c-m;750,541,c-m;750,549,c-m;750,554,c-m;750,558,c-m;750,565,c-m;750,569,c-m;750,594,c-m;750,595,c-m;750,597,c-m;750,601,c-m;750,603,c-m;750,604,c-m;750,606,c-m;750,613,c-m;750,614,c-m;750,615,c-m;750,616,c-m;750,617,c-m;750,620,c-m;750,623,c-m;750,624,c-m;750,625,c-m;750,626,c-m;750,630,c-m;750,631,c-m;750,634,c-m;750,635,c-m;750,641,c-m;750,651,c-m;750,652,c-m;750,653,c-m;750,677,c-m;750,678,c-m;751,272,c-m;751,283,c-m;751,288,c-m;751,292,c-m;751,306,c-m;751,309,c-m;751,325,c-m;751,327,c-m;751,330,c-m;751,332,c-m;751,334,c-m;751,345,c-m;751,346,c-m;751,349,c-m;751,355,c-m;751,373,c-m;751,389,c-m;751,399,c-m;751,402,c-m;751,431,c-m;751,449,c-m;751,465,c-m;751,472,c-m;751,477,c-m;751,479,c-m;751,494,c-m;751,508,c-m;751,526,c-m;751,560,c-m;751,573,c-m;751,591,c-m;751,598,c-m;751,665,c-m;751,688,c-m;751,694,c-m;751,695,c-m;751,705,c-m;751,729,c-m;751,731,c-m;752,299,c-m;752,344,c-m;752,374,c-m;752,404,c-m;752,406,c-m;752,411,c-m;752,429,c-m;752,433,c-m;752,434,c-m;752,447,c-m;752,460,c-m;752,487,c-m;752,498,c-m;752,538,c-m;752,556,c-m;752,587,c-m;752,592,c-m;752,593,c-m;752,675,c-m;752,676,c-m;752,683,c-m;752,684,c-m;752,696,c-m;752,697,c-m;752,701,c-m;752,715,c-m;752,716,c-m;752,717,c-m;752,718,c-m;752,719,c-m;752,720,c-m;752,722,c-m;753,273,c-m;753,281,c-m;753,285,c-m;753,286,c-m;753,297,c-m;753,302,c-m;753,304,c-m;753,339,c-m;753,341,c-m;753,351,c-m;753,354,c-m;753,364,c-m;753,370,c-m;753,375,c-m;753,382,c-m;753,384,c-m;753,385,c-m;753,390,c-m;753,398,c-m;753,405,c-m;753,407,c-m;753,443,c-m;753,468,c-m;753,471,c-m;753,557,c-m;753,574,c-m;753,667,c-m;753,674,c-m;753,734,c-m;753,735,c-m;754,287,c-m;754,295,c-m;754,326,c-m;754,333,c-m;754,336,c-m;754,337,c-m;754,338,c-m;754,342,c-m;754,363,c-m;754,366,c-m;754,368,c-m;754,386,c-m;754,400,c-m;754,401,c-m;754,435,c-m;754,436,c-m;754,464,c-m;754,516,c-m;754,562,c-m;754,564,c-m;754,570,c-m;754,590,c-m;754,662,c-m;754,671,c-m;754,672,c-m;754,698,c-m;754,699,c-m;754,728,c-m;754,730,c-m;755,300,c-m;755,301,c-m;755,321,c-m;755,340,c-m;755,350,c-m;755,362,c-m;755,376,c-m;755,378,c-m;755,379,c-m;755,387,c-m;755,388,c-m;755,462,c-m;755,546,c-m;755,547,c-m;755,554,c-m;755,608,c-m;755,616,c-m;755,620,c-m;755,621,c-m;755,622,c-m;755,623,c-m;755,624,c-m;755,625,c-m;755,634,c-m;755,655,c-m;755,707,c-m;755,711,c-m;755,738,c-m;755,739,c-m;756,296,c-m;756,305,c-m;756,329,c-m;756,415,c-m;756,416,c-m;756,417,c-m;756,418,c-m;756,458,c-m;756,461,c-m;756,475,c-m;756,476,c-m;756,509,c-m;756,512,c-m;756,531,c-m;756,551,c-m;756,567,c-m;756,572,c-m;756,578,c-m;756,581,c-m;756,582,c-m;756,585,c-m;756,589,c-m;756,627,c-m;756,640,c-m;756,645,c-m;756,660,c-m;756,661,c-m;756,669,c-m;756,713,c-m;757,274,c-m;757,275,c-m;757,278,c-m;757,298,c-m;757,307,c-m;757,311,c-m;757,320,c-m;757,352,c-m;757,353,c-m;757,361,c-m;757,365,c-m;757,394,c-m;757,403,c-m;757,409,c-m;757,412,c-m;757,501,c-m;757,505,c-m;757,543,c-m;757,619,c-m;757,656,c-m;757,659,c-m;757,663,c-m;757,664,c-m;757,668,c-m;757,704,c-m;757,706,c-m;757,732,c-m;757,733,c-m;758,272,c-m;758,283,c-m;758,288,c-m;758,292,c-m;758,306,c-m;758,309,c-m;758,325,c-m;758,327,c-m;758,330,c-m;758,332,c-m;758,334,c-m;758,345,c-m;758,346,c-m;758,349,c-m;758,355,c-m;758,373,c-m;758,389,c-m;758,399,c-m;758,402,c-m;758,477,c-m;758,665,c-m;758,688,c-m;758,694,c-m;758,695,c-m;758,705,c-m;758,729,c-m;758,731,c-m;759,422,c-m;759,425,c-m;759,432,c-m;759,448,c-m;759,454,c-m;759,455,c-m;759,457,c-m;759,459,c-m;759,480,c-m;759,510,c-m;759,511,c-m;759,517,c-m;759,575,c-m;759,577,c-m;759,596,c-m;759,610,c-m;759,618,c-m;759,636,c-m;759,685,c-m;759,686,c-m;759,689,c-m;759,690,c-m;759,691,c-m;759,700,c-m;759,703,c-m;759,727,c-m;760,300,c-m;760,301,c-m;760,321,c-m;760,340,c-m;760,350,c-m;760,362,c-m;760,376,c-m;760,378,c-m;760,379,c-m;760,387,c-m;760,421,c-m;760,424,c-m;760,544,c-m;760,555,c-m;760,608,c-m;760,621,c-m;760,622,c-m;760,632,c-m;760,655,c-m;760,688,c-m;760,694,c-m;760,695,c-m;760,705,c-m;760,738,c-m;760,739,c-m;761,271,c-m;761,280,c-m;761,293,c-m;761,308,c-m;761,312,c-m;761,313,c-m;761,318,c-m;761,319,c-m;761,322,c-m;761,335,c-m;761,347,c-m;761,357,c-m;761,367,c-m;761,372,c-m;761,381,c-m;761,383,c-m;761,408,c-m;761,450,c-m;761,483,c-m;761,518,c-m;761,523,c-m;761,657,c-m;761,712,c-m;761,721,c-m;762,410,c-m;762,419,c-m;762,423,c-m;762,426,c-m;762,445,c-m;762,446,c-m;762,466,c-m;762,467,c-m;762,485,c-m;762,490,c-m;762,493,c-m;762,497,c-m;762,515,c-m;762,525,c-m;762,528,c-m;762,533,c-m;762,536,c-m;762,580,c-m;762,611,c-m;762,643,c-m;762,644,c-m;763,413,c-m;763,414,c-m;763,463,c-m;763,489,c-m;763,496,c-m;763,513,c-m;763,521,c-m;763,522,c-m;763,524,c-m;763,527,c-m;763,532,c-m;763,535,c-m;763,541,c-m;763,549,c-m;763,569,c-m;763,576,c-m;763,601,c-m;763,614,c-m;763,637,c-m;763,698,c-m;763,699,c-m;764,272,c-m;764,283,c-m;764,288,c-m;764,292,c-m;764,309,c-m;764,325,c-m;764,327,c-m;764,330,c-m;764,332,c-m;764,334,c-m;764,345,c-m;764,346,c-m;764,349,c-m;764,355,c-m;764,373,c-m;764,389,c-m;764,399,c-m;764,402,c-m;764,665,c-m;764,731,c-m;765,343,c-m;765,359,c-m;765,371,c-m;765,380,c-m;765,391,c-m;765,395,c-m;765,504,c-m;765,506,c-m;765,529,c-m;765,540,c-m;765,552,c-m;765,559,c-m;765,561,c-m;765,563,c-m;765,566,c-m;765,599,c-m;765,600,c-m;765,673,c-m;765,708,c-m;765,710,c-m;766,282,c-m;766,294,c-m;766,310,c-m;766,315,c-m;766,316,c-m;766,328,c-m;766,331,c-m;766,377,c-m;766,396,c-m;766,451,c-m;766,482,c-m;766,486,c-m;766,488,c-m;766,507,c-m;766,534,c-m;766,666,c-m;766,670,c-m;766,736,c-m;766,737,c-m;767,291,c-m;767,314,c-m;767,369,c-m;767,392,c-m;767,420,c-m;767,444,c-m;767,558,c-m;767,565,c-m;767,613,c-m;767,630,c-m;767,633,c-m;767,639,c-m;767,646,c-m;767,647,c-m;767,649,c-m;767,692,c-m;767,724,c-m;767,725,c-m;767,726,c-m;768,274,c-m;768,275,c-m;768,278,c-m;768,298,c-m;768,307,c-m;768,311,c-m;768,320,c-m;768,352,c-m;768,353,c-m;768,361,c-m;768,365,c-m;768,394,c-m;768,403,c-m;768,663,c-m;768,664,c-m;768,668,c-m;768,732,c-m;768,733,c-m;769,441,c-m;769,495,c-m;769,594,c-m;769,595,c-m;769,597,c-m;769,603,c-m;769,604,c-m;769,615,c-m;769,617,c-m;769,626,c-m;769,631,c-m;769,635,c-m;769,641,c-m;769,651,c-m;769,652,c-m;769,653,c-m;769,677,c-m;769,678,c-m;770,300,c-m;770,301,c-m;770,321,c-m;770,340,c-m;770,350,c-m;770,362,c-m;770,376,c-m;770,378,c-m;770,379,c-m;770,387,c-m;770,608,c-m;770,621,c-m;770,622,c-m;770,655,c-m;770,738,c-m;770,739,c-m;771,270,c-m;771,276,c-m;771,279,c-m;771,289,c-m;771,290,c-m;771,317,c-m;771,324,c-m;771,348,c-m;771,356,c-m;771,358,c-m;771,397,c-m;771,456,c-m;771,481,c-m;771,586,c-m;771,709,c-m;771,714,c-m;772,299,c-m;772,344,c-m;772,374,c-m;772,404,c-m;772,406,c-m;772,429,c-m;772,433,c-m;772,434,c-m;772,487,c-m;772,498,c-m;772,587,c-m;772,592,c-m;772,593,c-m;772,675,c-m;772,676,c-m;772,720,c-m;773,411,c-m;773,447,c-m;773,460,c-m;773,538,c-m;773,556,c-m;773,683,c-m;773,684,c-m;773,696,c-m;773,697,c-m;773,701,c-m;773,715,c-m;773,716,c-m;773,717,c-m;773,718,c-m;773,719,c-m;773,722,c-m;774,420,c-m;774,444,c-m;774,521,c-m;774,522,c-m;774,549,c-m;774,558,c-m;774,565,c-m;774,569,c-m;774,576,c-m;774,601,c-m;774,606,c-m;774,613,c-m;774,630,c-m;774,639,c-m;774,646,c-m;774,649,c-m;775,296,c-m;775,305,c-m;775,329,c-m;775,417,c-m;775,418,c-m;775,458,c-m;775,461,c-m;775,475,c-m;775,512,c-m;775,581,c-m;775,582,c-m;775,627,c-m;775,669,c-m;775,713,c-m;776,409,c-m;776,412,c-m;776,421,c-m;776,424,c-m;776,501,c-m;776,543,c-m;776,544,c-m;776,555,c-m;776,619,c-m;776,632,c-m;776,656,c-m;776,659,c-m;776,704,c-m;776,706,c-m;777,282,c-m;777,294,c-m;777,310,c-m;777,315,c-m;777,316,c-m;777,328,c-m;777,331,c-m;777,377,c-m;777,396,c-m;777,666,c-m;777,670,c-m;777,736,c-m;777,737,c-m;778,269,c-m;778,277,c-m;778,284,c-m;778,303,c-m;778,323,c-m;778,360,c-m;778,393,c-m;778,473,c-m;778,537,c-m;778,542,c-m;778,630,c-m;778,723,c-m;779,413,c-m;779,414,c-m;779,463,c-m;779,489,c-m;779,496,c-m;779,524,c-m;779,527,c-m;779,532,c-m;779,535,c-m;779,541,c-m;779,601,c-m;779,614,c-m;780,279,c-m;780,290,c-m;780,317,c-m;780,324,c-m;780,348,c-m;780,356,c-m;780,358,c-m;780,397,c-m;780,456,c-m;780,481,c-m;780,714,c-m;781,441,c-m;781,495,c-m;781,594,c-m;781,595,c-m;781,603,c-m;781,604,c-m;781,626,c-m;781,631,c-m;781,635,c-m;781,677,c-m;781,678,c-m;782,447,c-m;782,460,c-m;782,683,c-m;782,701,c-m;782,715,c-m;782,716,c-m;782,717,c-m;782,718,c-m;782,719,c-m;782,722,c-m;783,410,c-m;783,423,c-m;783,426,c-m;783,445,c-m;783,446,c-m;783,485,c-m;783,493,c-m;783,515,c-m;783,528,c-m;783,580,c-m;784,413,c-m;784,463,c-m;784,496,c-m;784,513,c-m;784,541,c-m;784,601,c-m;784,614,c-m;784,637,c-m;784,698,c-m;784,699,c-m;785,291,c-m;785,314,c-m;785,369,c-m;785,392,c-m;785,633,c-m;785,647,c-m;785,724,c-m;785,725,c-m;785,726,c-m;786,409,c-m;786,412,c-m;786,501,c-m;786,543,c-m;786,619,c-m;786,656,c-m;786,659,c-m;786,704,c-m;786,706,c-m;787,504,c-m;787,506,c-m;787,552,c-m;787,559,c-m;787,561,c-m;787,563,c-m;787,566,c-m;787,599,c-m;787,600,c-m;788,343,c-m;788,359,c-m;788,371,c-m;788,380,c-m;788,391,c-m;788,395,c-m;788,673,c-m;788,708,c-m;788,710,c-m;789,419,c-m;789,423,c-m;789,466,c-m;789,467,c-m;789,490,c-m;789,497,c-m;789,525,c-m;789,533,c-m;789,536,c-m;790,415,c-m;790,416,c-m;790,476,c-m;790,509,c-m;790,551,c-m;790,567,c-m;790,572,c-m;790,578,c-m;791,299,c-m;791,344,c-m;791,374,c-m;791,404,c-m;791,406,c-m;791,675,c-m;791,676,c-m;791,720,c-m;792,296,c-m;792,305,c-m;792,329,c-m;792,458,c-m;792,461,c-m;792,627,c-m;792,669,c-m;792,713,c-m;793,531,c-m;793,640,c-m;793,660,c-m;793,661,c-m;793,688,c-m;793,694,c-m;793,695,c-m;793,705,c-m;794,411,c-m;794,430,c-m;794,452,c-m;794,453,c-m;794,514,c-m;794,538,c-m;794,556,c-m;794,684,c-m;795,427,c-m;795,428,c-m;795,500,c-m;795,588,c-m;795,602,c-m;795,648,c-m;795,658,c-m;796,439,c-m;796,442,c-m;796,491,c-m;796,492,c-m;796,530,c-m;796,583,c-m;796,584,c-m;797,558,c-m;797,565,c-m;797,613,c-m;797,630,c-m;797,639,c-m;797,646,c-m;797,649,c-m;798,462,c-m;798,554,c-m;798,616,c-m;798,620,c-m;798,624,c-m;798,625,c-m;798,634,c-m;799,421,c-m;799,424,c-m;799,544,c-m;799,555,c-m;799,632,c-m;799,688,c-m;799,695,c-m;800,597,c-m;800,615,c-m;800,617,c-m;800,641,c-m;800,651,c-m;800,652,c-m;800,653,c-m;801,419,c-m;801,467,c-m;801,490,c-m;801,497,c-m;801,525,c-m;801,628,c-m;801,629,c-m;802,414,c-m;802,489,c-m;802,524,c-m;802,527,c-m;802,532,c-m;802,535,c-m;803,469,c-m;803,539,c-m;803,553,c-m;803,679,c-m;803,680,c-m;803,687,c-m;804,543,c-m;804,619,c-m;804,656,c-m;804,659,c-m;804,704,c-m;804,706,c-m;805,451,c-m;805,482,c-m;805,486,c-m;805,488,c-m;805,507,c-m;805,534,c-m;806,417,c-m;806,418,c-m;806,475,c-m;806,512,c-m;806,581,c-m;806,582,c-m;807,429,c-m;807,433,c-m;807,434,c-m;807,487,c-m;807,498,c-m;807,587,c-m;808,439,c-m;808,491,c-m;808,492,c-m;808,530,c-m;808,607,c-m;808,609,c-m;809,343,c-m;809,371,c-m;809,380,c-m;809,395,c-m;809,673,c-m;809,708,c-m;810,521,c-m;810,522,c-m;810,549,c-m;810,569,c-m;810,576,c-m;810,601,c-m;811,410,c-m;811,426,c-m;811,445,c-m;811,446,c-m;811,485,c-m;811,515,c-m;812,447,c-m;812,460,c-m;812,683,c-m;812,701,c-m;812,715,c-m;812,716,c-m;813,388,c-m;813,546,c-m;813,547,c-m;813,707,c-m;813,711,c-m;814,440,c-m;814,484,c-m;814,571,c-m;814,642,c-m;814,650,c-m;815,421,c-m;815,424,c-m;815,544,c-m;815,555,c-m;815,632,c-m;816,502,c-m;816,503,c-m;816,550,c-m;816,568,c-m;816,605,c-m;817,513,c-m;817,637,c-m;817,638,c-m;817,643,c-m;817,644,c-m;818,519,c-m;818,520,c-m;818,529,c-m;818,540,c-m;818,545,c-m;819,427,c-m;819,428,c-m;819,500,c-m;819,588,c-m;819,602,c-m;820,415,c-m;820,416,c-m;820,551,c-m;820,572,c-m;821,411,c-m;821,538,c-m;821,556,c-m;821,684,c-m;822,688,c-m;822,694,c-m;822,695,c-m;822,705,c-m;823,463,c-m;823,614,c-m;823,698,c-m;823,699,c-m;824,531,c-m;824,640,c-m;824,660,c-m;824,661,c-m;825,419,c-m;825,467,c-m;825,497,c-m;825,525,c-m;826,423,c-m;826,466,c-m;826,533,c-m;826,536,c-m;827,495,c-m;827,594,c-m;827,595,c-m;827,635,c-m;828,597,c-m;828,641,c-m;828,651,c-m;828,652,c-m;829,417,c-m;829,418,c-m;829,475,c-m;829,512,c-m;830,441,c-m;830,626,c-m;830,677,c-m;830,678,c-m;831,410,c-m;831,426,c-m;831,445,c-m;831,446,c-m;832,439,c-m;832,491,c-m;832,492,c-m;832,530,c-m;833,552,c-m;833,563,c-m;833,566,c-m;833,599,c-m;834,504,c-m;834,506,c-m;834,559,c-m;834,600,c-m;835,469,c-m;835,679,c-m;835,680,c-m;835,687,c-m;836,451,c-m;836,488,c-m;836,507,c-m;836,534,c-m;837,430,c-m;837,452,c-m;837,453,c-m;837,514,c-m;838,413,c-m;838,496,c-m;838,541,c-m;838,601,c-m;839,429,c-m;839,434,c-m;839,498,c-m;839,587,c-m;840,521,c-m;840,522,c-m;840,549,c-m;840,576,c-m;841,543,c-m;841,619,c-m;841,656,c-m;841,659,c-m;842,558,c-m;842,565,c-m;842,613,c-m;842,630,c-m;843,414,c-m;843,524,c-m;843,527,c-m;843,532,c-m;844,643,c-m;844,644,c-m;844,648,c-m;844,658,c-m;740,741,c-c;740,743,c-c;740,747,c-c;740,793,c-c;740,796,c-c;740,794,c-c;740,808,c-c;740,816,c-c;741,742,c-c;741,744,c-c;741,755,c-c;741,760,c-c;741,767,c-c;741,763,c-c;741,778,c-c;741,817,c-c;743,749,c-c;743,751,c-c;743,754,c-c;743,814,c-c;743,843,c-c;742,745,c-c;742,753,c-c;742,776,c-c;742,795,c-c;742,803,c-c;742,844,c-c;744,748,c-c;744,750,c-c;744,771,c-c;744,774,c-c;744,818,c-c;744,837,c-c;745,746,c-c;745,756,c-c;746,757,c-c;746,762,c-c;746,801,c-c;747,752,c-c;747,766,c-c;748,761,c-c;748,765,c-c;749,759,c-c;750,769,c-c;750,798,c-c;750,838,c-c;750,842,c-c;751,758,c-c;752,772,c-c;752,773,c-c;757,768,c-c;757,786,c-c;755,770,c-c;755,798,c-c;755,813,c-c;758,764,c-c;758,822,c-c;756,775,c-c;756,790,c-c;756,824,c-c;760,770,c-c;760,799,c-c;760,822,c-c;762,783,c-c;762,789,c-c;765,787,c-c;765,788,c-c;766,777,c-c;766,805,c-c;767,785,c-c;767,797,c-c;763,779,c-c;763,784,c-c;763,810,c-c;771,780,c-c;772,791,c-c;772,807,c-c;769,781,c-c;769,800,c-c;773,782,c-c;773,821,c-c;775,792,c-c;775,806,c-c;776,786,c-c;776,815,c-c;774,797,c-c;774,810,c-c;779,802,c-c;779,838,c-c;782,812,c-c;781,827,c-c;781,830,c-c;783,811,c-c;786,804,c-c;787,833,c-c;787,834,c-c;788,809,c-c;784,823,c-c;784,838,c-c;790,820,c-c;789,825,c-c;789,826,c-c;793,822,c-c;793,824,c-c;795,819,c-c;796,832,c-c;797,842,c-c;799,815,c-c;794,821,c-c;794,837,c-c;800,828,c-c;801,825,c-c;802,843,c-c;803,835,c-c;804,841,c-c;805,836,c-c;806,829,c-c;807,839,c-c;808,832,c-c;810,840,c-c;811,831,c-c;","nodeAttributesAsCX2": {"attributeDeclarations": [{"nodes": { "HiDeF_persistence": { "d": "integer", "a": "p1", "v": 0}}}],"nodes": [{"id": 740,"v": { "p1": 0}},{"id": 741,"v": { "p1": 12}},{"id": 742,"v": { "p1": 11}},{"id": 743,"v": { "p1": 58}},{"id": 744,"v": { "p1": 31}},{"id": 745,"v": { "p1": 18}},{"id": 746,"v": { "p1": 33}},{"id": 747,"v": { "p1": 20}},{"id": 748,"v": { "p1": 31}},{"id": 749,"v": { "p1": 31}},{"id": 750,"v": { "p1": 5}},{"id": 751,"v": { "p1": 14}},{"id": 752,"v": { "p1": 75}},{"id": 753,"v": { "p1": 109}},{"id": 754,"v": { "p1": 12}},{"id": 755,"v": { "p1": 6}},{"id": 756,"v": { "p1": 5}},{"id": 757,"v": { "p1": 17}},{"id": 758,"v": { "p1": 31}},{"id": 759,"v": { "p1": 18}},{"id": 760,"v": { "p1": 11}},{"id": 761,"v": { "p1": 55}},{"id": 762,"v": { "p1": 17}},{"id": 763,"v": { "p1": 12}},{"id": 764,"v": { "p1": 32}},{"id": 765,"v": { "p1": 18}},{"id": 766,"v": { "p1": 98}},{"id": 767,"v": { "p1": 5}},{"id": 768,"v": { "p1": 44}},{"id": 769,"v": { "p1": 36}},{"id": 770,"v": { "p1": 103}},{"id": 771,"v": { "p1": 78}},{"id": 772,"v": { "p1": 40}},{"id": 773,"v": { "p1": 6}},{"id": 774,"v": { "p1": 5}},{"id": 775,"v": { "p1": 62}},{"id": 776,"v": { "p1": 7}},{"id": 777,"v": { "p1": 38}},{"id": 778,"v": { "p1": 5}},{"id": 779,"v": { "p1": 17}},{"id": 780,"v": { "p1": 21}},{"id": 781,"v": { "p1": 24}},{"id": 782,"v": { "p1": 52}},{"id": 783,"v": { "p1": 24}},{"id": 784,"v": { "p1": 5}},{"id": 785,"v": { "p1": 131}},{"id": 786,"v": { "p1": 33}},{"id": 787,"v": { "p1": 30}},{"id": 788,"v": { "p1": 24}},{"id": 789,"v": { "p1": 31}},{"id": 790,"v": { "p1": 37}},{"id": 791,"v": { "p1": 31}},{"id": 792,"v": { "p1": 22}},{"id": 793,"v": { "p1": 11}},{"id": 794,"v": { "p1": 14}},{"id": 795,"v": { "p1": 61}},{"id": 796,"v": { "p1": 51}},{"id": 797,"v": { "p1": 46}},{"id": 798,"v": { "p1": 32}},{"id": 799,"v": { "p1": 16}},{"id": 800,"v": { "p1": 6}},{"id": 801,"v": { "p1": 5}},{"id": 802,"v": { "p1": 58}},{"id": 803,"v": { "p1": 51}},{"id": 804,"v": { "p1": 37}},{"id": 805,"v": { "p1": 36}},{"id": 806,"v": { "p1": 26}},{"id": 807,"v": { "p1": 24}},{"id": 808,"v": { "p1": 21}},{"id": 809,"v": { "p1": 20}},{"id": 810,"v": { "p1": 18}},{"id": 811,"v": { "p1": 9}},{"id": 812,"v": { "p1": 9}},{"id": 813,"v": { "p1": 100}},{"id": 814,"v": { "p1": 85}},{"id": 815,"v": { "p1": 59}},{"id": 816,"v": { "p1": 57}},{"id": 817,"v": { "p1": 27}},{"id": 818,"v": { "p1": 23}},{"id": 819,"v": { "p1": 17}},{"id": 820,"v": { "p1": 51}},{"id": 821,"v": { "p1": 49}},{"id": 822,"v": { "p1": 48}},{"id": 823,"v": { "p1": 40}},{"id": 824,"v": { "p1": 36}},{"id": 825,"v": { "p1": 36}},{"id": 826,"v": { "p1": 28}},{"id": 827,"v": { "p1": 27}},{"id": 828,"v": { "p1": 26}},{"id": 829,"v": { "p1": 24}},{"id": 830,"v": { "p1": 24}},{"id": 831,"v": { "p1": 22}},{"id": 832,"v": { "p1": 21}},{"id": 833,"v": { "p1": 21}},{"id": 834,"v": { "p1": 20}},{"id": 835,"v": { "p1": 16}},{"id": 836,"v": { "p1": 15}},{"id": 837,"v": { "p1": 15}},{"id": 838,"v": { "p1": 11}},{"id": 839,"v": { "p1": 10}},{"id": 840,"v": { "p1": 9}},{"id": 841,"v": { "p1": 7}},{"id": 842,"v": { "p1": 7}},{"id": 843,"v": { "p1": 6}},{"id": 844,"v": { "p1": 5}}]}}
