790,770,c-c;752,721,c-m;749,533,c-m;772,414,c-m;748,506,c-m;757,374,c-m;754,662,c-m;747,454,c-m;770,291,c-m;752,682,c-m;747,526,c-m;754,368,c-m;747,435,c-m;790,751,c-c;779,411,c-m;753,288,c-m;773,421,c-m;744,697,c-m;761,387,c-m;755,740,c-c;758,279,c-m;765,745,c-c;747,579,c-m;743,716,c-m;777,492,c-m;750,468,c-m;780,547,c-m;743,701,c-m;757,720,c-m;750,574,c-m;752,313,c-m;760,669,c-m;740,736,c-m;763,637,c-m;763,569,c-m;747,693,c-m;789,438,c-m;771,537,c-m;790,760,c-c;761,376,c-m;783,503,c-m;764,652,c-m;762,602,c-m;771,393,c-m;754,728,c-m;790,755,c-c;758,289,c-m;766,578,c-m;751,311,c-m;753,309,c-m;747,479,c-m;751,706,c-m;768,640,c-m;771,473,c-m;773,424,c-m;747,596,c-m;769,495,c-m;790,757,c-c;768,531,c-m;750,557,c-m;741,451,c-m;759,441,c-m;753,695,c-m;756,603,c-m;758,270,c-m;771,277,c-m;750,304,c-m;749,423,c-m;754,326,c-m;740,396,c-m;750,443,c-m;758,276,c-m;757,434,c-m;772,535,c-m;790,788,c-c;760,512,c-m;750,469,c-m;752,271,c-m;761,340,c-m;747,650,c-m;750,680,c-m;754,287,c-m;741,534,c-m;759,620,c-m;747,575,c-m;770,726,c-m;750,375,c-m;740,737,c-m;757,676,c-m;765,743,c-c;789,437,c-m;790,761,c-c;758,324,c-m;783,502,c-m;752,702,c-m;752,450,c-m;753,580,c-m;770,369,c-m;740,377,c-m;761,622,c-m;758,612,c-m;762,428,c-m;790,748,c-c;752,372,c-m;741,507,c-m;748,561,c-m;767,444,c-m;790,778,c-c;748,371,c-m;773,632,c-m;750,351,c-m;783,568,c-m;754,366,c-m;750,407,c-m;753,694,c-m;753,731,c-m;757,487,c-m;753,346,c-m;743,447,c-m;750,539,c-m;779,684,c-m;782,545,c-m;750,339,c-m;757,433,c-m;750,674,c-m;785,589,c-m;757,675,c-m;753,283,c-m;769,613,c-m;790,747,c-c;759,625,c-m;752,293,c-m;753,272,c-m;771,723,c-m;751,668,c-m;753,389,c-m;778,698,c-m;764,641,c-m;750,281,c-m;770,647,c-m;761,621,c-m;745,722,c-m;747,484,c-m;790,787,c-c;754,338,c-m;790,749,c-c;761,655,c-m;747,465,c-m;752,280,c-m;762,648,c-m;768,617,c-m;747,598,c-m;747,436,c-m;748,600,c-m;751,353,c-m;790,789,c-c;769,558,c-m;753,345,c-m;740,666,c-m;749,410,c-m;753,327,c-m;747,440,c-m;746,718,c-m;758,709,c-m;747,489,c-m;770,724,c-m;766,572,c-m;759,624,c-m;754,672,c-m;753,705,c-m;778,699,c-m;750,286,c-m;771,360,c-m;790,784,c-c;756,615,c-m;775,601,c-m;780,711,c-m;761,301,c-m;757,429,c-m;748,563,c-m;769,630,c-m;761,608,c-m;752,391,c-m;790,775,c-c;750,405,c-m;752,335,c-m;751,352,c-m;749,446,c-m;748,708,c-m;742,565,c-m;784,576,c-m;753,292,c-m;751,403,c-m;771,323,c-m;747,462,c-m;749,515,c-m;751,733,c-m;746,719,c-m;758,358,c-m;756,594,c-m;750,687,c-m;770,725,c-m;747,560,c-m;782,520,c-m;739,727,c-m;781,476,c-m;753,330,c-m;770,639,c-m;747,508,c-m;790,779,c-c;765,746,c-c;757,406,c-m;751,307,c-m;757,593,c-m;762,427,c-m;754,336,c-m;749,528,c-m;761,300,c-m;753,399,c-m;747,739,c-c;790,781,c-c;750,354,c-m;758,623,c-m;747,517,c-m;790,772,c-c;749,445,c-m;776,550,c-m;754,671,c-m;747,449,c-m;752,357,c-m;751,732,c-m;753,325,c-m;743,715,c-m;756,595,c-m;759,616,c-m;752,318,c-m;790,754,c-c;748,343,c-m;753,729,c-m;763,453,c-m;741,486,c-m;790,785,c-c;777,491,c-m;747,511,c-m;770,314,c-m;740,310,c-m;778,463,c-m;754,363,c-m;760,475,c-m;752,497,c-m;757,592,c-m;747,700,c-m;754,337,c-m;748,638,c-m;745,717,c-m;760,305,c-m;756,635,c-m;766,461,c-m;776,514,c-m;773,544,c-m;787,477,c-m;760,627,c-m;756,677,c-m;747,516,c-m;747,425,c-m;771,303,c-m;790,756,c-c;775,496,c-m;747,610,c-m;758,586,c-m;756,631,c-m;761,321,c-m;747,448,c-m;785,645,c-m;758,356,c-m;749,611,c-m;756,604,c-m;740,315,c-m;747,562,c-m;752,319,c-m;763,452,c-m;790,771,c-c;761,739,c-m;774,646,c-m;748,559,c-m;751,278,c-m;751,664,c-m;747,510,c-m;750,398,c-m;784,521,c-m;750,285,c-m;760,329,c-m;757,404,c-m;753,355,c-m;747,703,c-m;790,773,c-c;752,712,c-m;750,273,c-m;756,678,c-m;754,295,c-m;752,322,c-m;751,365,c-m;752,381,c-m;753,349,c-m;747,685,c-m;758,456,c-m;751,412,c-m;767,439,c-m;752,710,c-m;752,359,c-m;741,488,c-m;748,540,c-m;768,660,c-m;770,392,c-m;761,350,c-m;790,777,c-c;753,485,c-m;765,744,c-c;747,422,c-m;753,402,c-m;754,400,c-m;790,768,c-c;788,581,c-m;748,552,c-m;762,658,c-m;750,667,c-m;749,467,c-m;754,306,c-m;755,742,c-c;784,522,c-m;786,628,c-m;750,297,c-m;749,490,c-m;780,707,c-m;751,663,c-m;750,734,c-m;754,386,c-m;740,328,c-m;790,766,c-c;767,442,c-m;740,294,c-m;775,541,c-m;748,395,c-m;750,364,c-m;751,505,c-m;747,472,c-m;780,388,c-m;753,665,c-m;758,348,c-m;750,341,c-m;777,530,c-m;790,783,c-c;768,661,c-m;790,786,c-c;767,606,c-m;757,587,c-m;790,782,c-c;747,564,c-m;761,362,c-m;751,619,c-m;750,382,c-m;754,333,c-m;762,588,c-m;754,401,c-m;788,582,c-m;790,752,c-c;753,334,c-m;790,767,c-c;767,420,c-m;748,419,c-m;747,591,c-m;749,466,c-m;750,679,c-m;772,524,c-m;758,481,c-m;786,629,c-m;750,302,c-m;747,689,c-m;775,413,c-m;751,320,c-m;761,738,c-m;750,735,c-m;750,384,c-m;764,651,c-m;751,543,c-m;781,567,c-m;787,478,c-m;760,713,c-m;747,494,c-m;754,493,c-m;757,525,c-m;764,597,c-m;749,536,c-m;752,383,c-m;766,551,c-m;779,556,c-m;757,344,c-m;756,626,c-m;756,653,c-m;772,532,c-m;790,769,c-c;750,553,c-m;790,780,c-c;778,614,c-m;748,529,c-m;747,642,c-m;752,657,c-m;758,397,c-m;741,482,c-m;779,538,c-m;763,513,c-m;790,753,c-c;751,275,c-m;777,609,c-m;747,590,c-m;747,499,c-m;747,571,c-m;751,501,c-m;777,607,c-m;752,408,c-m;790,758,c-c;759,634,c-m;774,649,c-m;761,379,c-m;747,470,c-m;752,518,c-m;750,385,c-m;752,347,c-m;758,290,c-m;766,416,c-m;747,636,c-m;748,599,c-m;750,370,c-m;759,554,c-m;747,474,c-m;743,683,c-m;771,284,c-m;748,504,c-m;749,644,c-m;752,483,c-m;748,380,c-m;747,686,c-m;740,282,c-m;754,464,c-m;751,409,c-m;774,583,c-m;790,774,c-c;754,570,c-m;790,764,c-c;752,312,c-m;753,373,c-m;747,618,c-m;760,417,c-m;790,759,c-c;773,688,c-m;749,426,c-m;760,296,c-m;751,274,c-m;753,332,c-m;770,633,c-m;747,577,c-m;763,430,c-m;747,431,c-m;785,585,c-m;747,691,c-m;751,394,c-m;747,548,c-m;761,378,c-m;747,457,c-m;751,656,c-m;757,498,c-m;770,692,c-m;740,331,c-m;750,390,c-m;754,730,c-m;773,555,c-m;781,509,c-m;747,480,c-m;776,654,c-m;790,763,c-c;751,361,c-m;790,762,c-c;743,460,c-m;754,342,c-m;755,741,c-c;766,415,c-m;762,500,c-m;751,704,c-m;749,643,c-m;752,523,c-m;748,566,c-m;766,458,c-m;748,673,c-m;747,455,c-m;757,299,c-m;752,681,c-m;747,432,c-m;758,317,c-m;790,765,c-c;756,549,c-m;751,298,c-m;760,418,c-m;752,308,c-m;744,696,c-m;747,459,c-m;774,584,c-m;758,714,c-m;752,367,c-m;771,269,c-m;740,670,c-m;780,546,c-m;750,471,c-m;790,750,c-c;740,316,c-m;747,573,c-m;772,527,c-m;764,542,c-m;782,519,c-m;790,776,c-c;747,690,c-m;751,659,c-m;776,605,c-m;