748,740,c-c;740,296,c-m;740,305,c-m;740,329,c-m;740,417,c-m;740,418,c-m;740,430,c-m;740,458,c-m;740,461,c-m;740,475,c-m;740,512,c-m;740,585,c-m;740,627,c-m;740,660,c-m;740,669,c-m;740,713,c-m;748,741,c-c;741,273,c-m;741,281,c-m;741,285,c-m;741,286,c-m;741,297,c-m;741,302,c-m;741,304,c-m;741,339,c-m;741,341,c-m;741,351,c-m;741,354,c-m;741,364,c-m;741,370,c-m;741,375,c-m;741,382,c-m;741,384,c-m;741,385,c-m;741,390,c-m;741,398,c-m;741,405,c-m;741,407,c-m;741,427,c-m;741,443,c-m;741,468,c-m;741,469,c-m;741,471,c-m;741,491,c-m;741,492,c-m;741,500,c-m;741,509,c-m;741,521,c-m;741,524,c-m;741,532,c-m;741,538,c-m;741,539,c-m;741,546,c-m;741,547,c-m;741,553,c-m;741,555,c-m;741,557,c-m;741,574,c-m;741,576,c-m;741,588,c-m;741,602,c-m;741,634,c-m;741,637,c-m;741,648,c-m;741,658,c-m;741,667,c-m;741,674,c-m;741,679,c-m;741,680,c-m;741,687,c-m;741,688,c-m;741,697,c-m;741,734,c-m;741,735,c-m;748,742,c-c;742,270,c-m;742,271,c-m;742,276,c-m;742,279,c-m;742,280,c-m;742,289,c-m;742,290,c-m;742,293,c-m;742,308,c-m;742,312,c-m;742,313,c-m;742,317,c-m;742,318,c-m;742,319,c-m;742,322,c-m;742,324,c-m;742,335,c-m;742,343,c-m;742,347,c-m;742,348,c-m;742,356,c-m;742,357,c-m;742,358,c-m;742,359,c-m;742,367,c-m;742,371,c-m;742,372,c-m;742,380,c-m;742,381,c-m;742,383,c-m;742,391,c-m;742,395,c-m;742,397,c-m;742,408,c-m;742,412,c-m;742,437,c-m;742,438,c-m;742,450,c-m;742,452,c-m;742,453,c-m;742,456,c-m;742,481,c-m;742,483,c-m;742,504,c-m;742,506,c-m;742,513,c-m;742,514,c-m;742,518,c-m;742,519,c-m;742,520,c-m;742,522,c-m;742,523,c-m;742,529,c-m;742,540,c-m;742,552,c-m;742,559,c-m;742,561,c-m;742,563,c-m;742,566,c-m;742,569,c-m;742,581,c-m;742,586,c-m;742,589,c-m;742,595,c-m;742,599,c-m;742,600,c-m;742,601,c-m;742,612,c-m;742,623,c-m;742,631,c-m;742,638,c-m;742,646,c-m;742,652,c-m;742,657,c-m;742,673,c-m;742,681,c-m;742,682,c-m;742,702,c-m;742,707,c-m;742,708,c-m;742,709,c-m;742,710,c-m;742,712,c-m;742,714,c-m;742,721,c-m;748,743,c-c;743,300,c-m;743,301,c-m;743,321,c-m;743,340,c-m;743,350,c-m;743,362,c-m;743,376,c-m;743,378,c-m;743,379,c-m;743,387,c-m;743,424,c-m;743,608,c-m;743,632,c-m;743,738,c-m;743,739,c-m;748,744,c-c;744,282,c-m;744,291,c-m;744,294,c-m;744,310,c-m;744,314,c-m;744,315,c-m;744,316,c-m;744,328,c-m;744,331,c-m;744,369,c-m;744,377,c-m;744,392,c-m;744,396,c-m;744,411,c-m;744,428,c-m;744,451,c-m;744,482,c-m;744,486,c-m;744,488,c-m;744,507,c-m;744,534,c-m;744,558,c-m;744,565,c-m;744,614,c-m;744,626,c-m;744,630,c-m;744,633,c-m;744,639,c-m;744,647,c-m;744,649,c-m;744,656,c-m;744,666,c-m;744,670,c-m;744,692,c-m;744,724,c-m;744,725,c-m;744,726,c-m;744,736,c-m;744,737,c-m;748,745,c-c;745,274,c-m;745,275,c-m;745,278,c-m;745,298,c-m;745,307,c-m;745,311,c-m;745,320,c-m;745,352,c-m;745,353,c-m;745,361,c-m;745,365,c-m;745,394,c-m;745,403,c-m;745,409,c-m;745,410,c-m;745,419,c-m;745,423,c-m;745,426,c-m;745,445,c-m;745,446,c-m;745,466,c-m;745,467,c-m;745,485,c-m;745,487,c-m;745,490,c-m;745,493,c-m;745,495,c-m;745,497,c-m;745,501,c-m;745,502,c-m;745,505,c-m;745,515,c-m;745,525,c-m;745,528,c-m;745,531,c-m;745,533,c-m;745,536,c-m;745,543,c-m;745,544,c-m;745,553,c-m;745,555,c-m;745,580,c-m;745,582,c-m;745,594,c-m;745,603,c-m;745,604,c-m;745,609,c-m;745,611,c-m;745,612,c-m;745,613,c-m;745,619,c-m;745,628,c-m;745,629,c-m;745,635,c-m;745,641,c-m;745,643,c-m;745,644,c-m;745,654,c-m;745,658,c-m;745,659,c-m;745,661,c-m;745,663,c-m;745,664,c-m;745,668,c-m;745,678,c-m;745,704,c-m;745,706,c-m;745,732,c-m;745,733,c-m;748,746,c-c;746,299,c-m;746,344,c-m;746,374,c-m;746,404,c-m;746,406,c-m;746,429,c-m;746,433,c-m;746,434,c-m;746,447,c-m;746,460,c-m;746,487,c-m;746,498,c-m;746,525,c-m;746,545,c-m;746,587,c-m;746,592,c-m;746,593,c-m;746,653,c-m;746,675,c-m;746,676,c-m;746,683,c-m;746,684,c-m;746,696,c-m;746,701,c-m;746,715,c-m;746,716,c-m;746,717,c-m;746,718,c-m;746,719,c-m;746,720,c-m;746,722,c-m;748,747,c-c;747,269,c-m;747,272,c-m;747,277,c-m;747,283,c-m;747,284,c-m;747,287,c-m;747,288,c-m;747,292,c-m;747,295,c-m;747,303,c-m;747,306,c-m;747,309,c-m;747,323,c-m;747,325,c-m;747,326,c-m;747,327,c-m;747,330,c-m;747,332,c-m;747,333,c-m;747,334,c-m;747,336,c-m;747,337,c-m;747,338,c-m;747,342,c-m;747,345,c-m;747,346,c-m;747,349,c-m;747,355,c-m;747,360,c-m;747,363,c-m;747,366,c-m;747,368,c-m;747,373,c-m;747,386,c-m;747,388,c-m;747,389,c-m;747,393,c-m;747,399,c-m;747,400,c-m;747,401,c-m;747,402,c-m;747,413,c-m;747,414,c-m;747,415,c-m;747,416,c-m;747,420,c-m;747,421,c-m;747,422,c-m;747,425,c-m;747,431,c-m;747,432,c-m;747,435,c-m;747,436,c-m;747,439,c-m;747,440,c-m;747,441,c-m;747,442,c-m;747,444,c-m;747,448,c-m;747,449,c-m;747,454,c-m;747,455,c-m;747,457,c-m;747,459,c-m;747,462,c-m;747,463,c-m;747,464,c-m;747,465,c-m;747,470,c-m;747,472,c-m;747,473,c-m;747,474,c-m;747,476,c-m;747,477,c-m;747,478,c-m;747,479,c-m;747,480,c-m;747,484,c-m;747,485,c-m;747,489,c-m;747,491,c-m;747,492,c-m;747,493,c-m;747,494,c-m;747,496,c-m;747,499,c-m;747,502,c-m;747,503,c-m;747,505,c-m;747,508,c-m;747,509,c-m;747,510,c-m;747,511,c-m;747,516,c-m;747,517,c-m;747,524,c-m;747,526,c-m;747,527,c-m;747,530,c-m;747,532,c-m;747,535,c-m;747,537,c-m;747,541,c-m;747,542,c-m;747,548,c-m;747,549,c-m;747,550,c-m;747,551,c-m;747,554,c-m;747,556,c-m;747,560,c-m;747,562,c-m;747,564,c-m;747,567,c-m;747,568,c-m;747,570,c-m;747,571,c-m;747,572,c-m;747,573,c-m;747,575,c-m;747,577,c-m;747,578,c-m;747,579,c-m;747,580,c-m;747,583,c-m;747,584,c-m;747,590,c-m;747,591,c-m;747,596,c-m;747,597,c-m;747,598,c-m;747,605,c-m;747,606,c-m;747,607,c-m;747,609,c-m;747,610,c-m;747,614,c-m;747,615,c-m;747,616,c-m;747,617,c-m;747,618,c-m;747,620,c-m;747,621,c-m;747,622,c-m;747,623,c-m;747,624,c-m;747,625,c-m;747,634,c-m;747,636,c-m;747,640,c-m;747,642,c-m;747,645,c-m;747,650,c-m;747,651,c-m;747,654,c-m;747,655,c-m;747,662,c-m;747,665,c-m;747,671,c-m;747,672,c-m;747,677,c-m;747,685,c-m;747,686,c-m;747,689,c-m;747,690,c-m;747,691,c-m;747,692,c-m;747,693,c-m;747,694,c-m;747,695,c-m;747,698,c-m;747,699,c-m;747,700,c-m;747,703,c-m;747,705,c-m;747,711,c-m;747,723,c-m;747,727,c-m;747,728,c-m;747,729,c-m;747,730,c-m;747,731,c-m;